MPLINK 4.49, Linker
Linker Map File - Created Sun Jul 28 14:07:20 2024

                                 Section Info
                  Section       Type    Address   Location Size(Bytes)
                ---------  ---------  ---------  ---------  ---------
                   .org_0       code   0x000000    program   0x000002
                   .cinit    romdata   0x000001    program   0x000004
                   .org_1       code   0x000004    program   0x000030
   .config_2007_MAIN008.O       code   0x002007    program   0x000002



                              Program Memory Usage 
                               Start         End      
                           ---------   ---------      
                            0x000000    0x000002      
                            0x000004    0x00001b      
                            0x002007    0x002007      
            28 out of 1094 program addresses used, program memory utilization is 2%



                              Symbols - Sorted by Name
                     Name    Address   Location    Storage File                     
                ---------  ---------  ---------  --------- ---------                
               apaga_led1   0x000014    program     static C:\Users\family\Documents\Assembly_For_PIC\aula008-rotinas\main008.asm
               apaga_led2   0x00001a    program     static C:\Users\family\Documents\Assembly_For_PIC\aula008-rotinas\main008.asm
                   inicio   0x000005    program     static C:\Users\family\Documents\Assembly_For_PIC\aula008-rotinas\main008.asm
                     loop   0x00000d    program     static C:\Users\family\Documents\Assembly_For_PIC\aula008-rotinas\main008.asm
          monitora_botao1   0x000010    program     static C:\Users\family\Documents\Assembly_For_PIC\aula008-rotinas\main008.asm
          monitora_botao2   0x000016    program     static C:\Users\family\Documents\Assembly_For_PIC\aula008-rotinas\main008.asm



                              Symbols - Sorted by Address
                     Name    Address   Location    Storage File                     
                ---------  ---------  ---------  --------- ---------                
                   inicio   0x000005    program     static C:\Users\family\Documents\Assembly_For_PIC\aula008-rotinas\main008.asm
                     loop   0x00000d    program     static C:\Users\family\Documents\Assembly_For_PIC\aula008-rotinas\main008.asm
          monitora_botao1   0x000010    program     static C:\Users\family\Documents\Assembly_For_PIC\aula008-rotinas\main008.asm
               apaga_led1   0x000014    program     static C:\Users\family\Documents\Assembly_For_PIC\aula008-rotinas\main008.asm
          monitora_botao2   0x000016    program     static C:\Users\family\Documents\Assembly_For_PIC\aula008-rotinas\main008.asm
               apaga_led2   0x00001a    program     static C:\Users\family\Documents\Assembly_For_PIC\aula008-rotinas\main008.asm


