MPLINK 4.49, Linker
Linker Map File - Created Wed Jul 31 09:10:25 2024

                                 Section Info
                  Section       Type    Address   Location Size(Bytes)
                ---------  ---------  ---------  ---------  ---------
                   .org_0       code   0x000000    program   0x000000
                   .org_1       code   0x000000    program   0x000002
                   .org_2       code   0x000004    program   0x00003c
   .config_2007_MAIN010.O       code   0x002007    program   0x000002



                              Program Memory Usage 
                               Start         End      
                           ---------   ---------      
                            0x000000    0x000000      
                            0x000004    0x000021      
                            0x002007    0x002007      
            32 out of 1094 program addresses used, program memory utilization is 2%



                              Symbols - Sorted by Name
                     Name    Address   Location    Storage File                     
                ---------  ---------  ---------  --------- ---------                
                     aux1   0x000014    program     static C:\Users\family\Documents\Assembly_For_PIC\aula010-tempo_de_ciclo\main010.asm
                     aux2   0x000016    program     static C:\Users\family\Documents\Assembly_For_PIC\aula010-tempo_de_ciclo\main010.asm
               delay500ms   0x000012    program     static C:\Users\family\Documents\Assembly_For_PIC\aula010-tempo_de_ciclo\main010.asm
                   inicio   0x000005    program     static C:\Users\family\Documents\Assembly_For_PIC\aula010-tempo_de_ciclo\main010.asm
                     loop   0x00000b    program     static C:\Users\family\Documents\Assembly_For_PIC\aula010-tempo_de_ciclo\main010.asm



                              Symbols - Sorted by Address
                     Name    Address   Location    Storage File                     
                ---------  ---------  ---------  --------- ---------                
                   inicio   0x000005    program     static C:\Users\family\Documents\Assembly_For_PIC\aula010-tempo_de_ciclo\main010.asm
                     loop   0x00000b    program     static C:\Users\family\Documents\Assembly_For_PIC\aula010-tempo_de_ciclo\main010.asm
               delay500ms   0x000012    program     static C:\Users\family\Documents\Assembly_For_PIC\aula010-tempo_de_ciclo\main010.asm
                     aux1   0x000014    program     static C:\Users\family\Documents\Assembly_For_PIC\aula010-tempo_de_ciclo\main010.asm
                     aux2   0x000016    program     static C:\Users\family\Documents\Assembly_For_PIC\aula010-tempo_de_ciclo\main010.asm


